node.exe : PASS src/tests/AlgorithmsValues.test.js
No C:\nvm4w\nodejs\npx.ps1:29 caractere:3
+   & $NODE_EXE $NPX_CLI_JS $args
+   ~~~~~~~~~~~~~~~~~~~~~~~~~~~~~
    + CategoryInfo          : NotSpecified: (PASS 
    src/tests/AlgorithmsValues.test.js:String) [  
  ], RemoteException
    + FullyQualifiedErrorId : NativeCommandError
 
PASS src/tests/QuantumRegister.test.js
FAIL src/tests/QuantumRegisterErrors.test.js
  ÔùÅ QuantumRegister Errors ÔÇ║ Should throw 
error for invalid qubit index

    expect(received).toThrow()

    Received function did not throw

    [0m [90m  5 |[39m         [36mconst[39m 
reg [33m=[39m [36mnew[39m 
[33mQuantumRegister[39m([35m2[39m)[33m;[39m
     [90m  6 |[39m         expect(() 
[33m=>[39m reg[33m.[39mapplyPauliX([35m2[39m
))[33m.[39mtoThrow()[33m;[39m
    [31m[1m>[22m[39m[90m  7 |[39m         
expect(() [33m=>[39m reg[33m.[39mapplyPauliX(
[33m-[39m[35m1[39m))[33m.[39mtoThrow()[33m;
[39m [90m// If handled?[39m
     [90m    |[39m                              
             [31m[1m^[22m[39m
     [90m  8 |[39m     })[33m;[39m
     [90m  9 |[39m
     [90m 10 |[39m     test([32m'Should throw 
error for invalid swap indices'[39m[33m,[39m 
() [33m=>[39m {[0m

      at Object.toThrow 
(src/tests/QuantumRegisterErrors.test.js:7:43)

PASS src/tests/Qubit.test.js
FAIL src/tests/UnifiedPhysicsCoverage.test.js 
(5.605 s)
  ÔùÅ Unified Physics Coverage ÔÇ║ 
calculateVacuumFluctuation should return value 
within range

    expect(received).toBe(expected) // Object.is 
equality

    Expected: "number"
    Received: "object"

    [0m [90m 11 |[39m         [90m// Mock 
Math.random? No, just check range.[39m
     [90m 12 |[39m         [36mconst[39m fluc 
[33m=[39m calculateVacuumFluctuation([35m10[39
m)[33m;[39m
    [31m[1m>[22m[39m[90m 13 |[39m         
expect([36mtypeof[39m fluc)[33m.[39mtoBe([32m
'number'[39m)[33m;[39m
     [90m    |[39m                             
[31m[1m^[22m[39m
     [90m 14 |[39m         [90m// Range is 
subtle, depends on OMEGA and log(intensity).[39m
     [90m 15 |[39m     })[33m;[39m
     [90m 16 |[39m[0m

      at Object.toBe 
(src/tests/UnifiedPhysicsCoverage.test.js:13:29)

  ÔùÅ Unified Physics Coverage ÔÇ║ 
entropicOptimizer should optimize simple function

    TypeError: Invalid attempt to spread 
non-iterable instance.
    In order to be iterable, non-array objects 
must have a [Symbol.iterator]() method.

    [0m [90m 14 |[39m [36mimport[39m { 
[33mComplex[39m } [36mfrom[39m 
[32m'./qubit.js'[39m[33m;[39m
     [90m 15 |[39m
    [31m[1m>[22m[39m[90m 16 |[39m 
[36mexport[39m [36mfunction[39m 
calculateVacuumFluctuation(temperature 
[33m=[39m [35m0.001[39m) {
     [90m    |[39m             
[31m[1m^[22m[39m
     [90m 17 |[39m   [90m// A flutua├º├úo n├úo 
├® puramente aleat├│ria, segue uma distribui├º├úo 
baseada em ╬®[39m
     [90m 18 |[39m   [36mconst[39m phase1 
[33m=[39m ([33mMath[39m[33m.[39mrandom() 
[33m*[39m [35m2[39m [33m*[39m 
[33mMath[39m[33m.[39m[33mPI[39m) 
[33m/[39m ([33mOMEGA[39m [33m/[39m 
[35m100[39m)[33m;[39m
     [90m 19 |[39m   [36mconst[39m phase2 
[33m=[39m ([33mMath[39m[33m.[39mrandom() 
[33m*[39m [35m2[39m [33m*[39m 
[33mMath[39m[33m.[39m[33mPI[39m) 
[33m*[39m ([33mOMEGA[39m [33m%[39m 
[35m1[39m)[33m;[39m[0m

      at _nonIterableSpread 
(src/core/unified_physics.js:16:13)
      at _nonIterableSpread 
(src/core/unified_physics.js:16:13)
      at _toConsumableArray 
(src/core/unified_physics.js:44:8)
      at Object.<anonymous> 
(src/tests/UnifiedPhysicsCoverage.test.js:19:41)

PASS ./sanity_import.test.js
PASS src/tests/DeutschJozsa.test.js
PASS src/tests/Grover.test.js
PASS src/tests/UnifiedPhysics.test.js
PASS interface/src/tests/BernsteinVazirani.test.js
PASS ./sanity.test.js

Test Suites: 2 failed, 9 passed, 11 total
Tests:       3 failed, 43 passed, 46 total
Snapshots:   0 total
Time:        7.838 s
Ran all test suites.
Test results written to: coverage_final.json
